Tue Jul 11 17:20:38 2023: whatever
Mon Jul 17 15:12:35 2023: Script returned an error
Mon Jul 17 15:14:42 2023: Script returned an error
Mon Jul 17 15:14:48 2023: Script returned an error
Mon Jul 17 15:15:51 2023: Script returned an error
Mon Jul 17 15:26:16 2023: Script returned an error
Mon Jul 17 19:30:34 2023: Error Http : 404
Mon Jul 17 19:31:10 2023: Error Http : 404
Mon Jul 17 19:59:22 2023: Error Http : 403
Mon Jul 17 19:59:22 2023: Error Http : 404
Mon Jul 17 20:00:47 2023: Error Http : 403
Mon Jul 17 20:00:47 2023: Error Http : 404
Mon Jul 17 20:02:04 2023: Error Http : 404
Mon Jul 17 20:06:34 2023: Error Http : 404
Mon Jul 17 20:06:34 2023: Error Http : 404
Mon Jul 17 20:10:36 2023: Error Http : 404
Mon Jul 17 20:11:19 2023: Error Http : 404
Mon Jul 17 20:13:15 2023: Error Http : 404
Mon Jul 17 20:13:57 2023: Error Http : 404
Mon Jul 17 20:17:45 2023: Error Http : 404
Mon Jul 17 20:20:25 2023: Error Http : 404
Mon Jul 17 20:24:27 2023: Error Http : 404
Mon Jul 17 20:36:21 2023: Error Http : 404
Mon Jul 17 20:36:21 2023: Error Http : 404
Mon Jul 17 20:38:21 2023: Error Http : 404
Mon Jul 17 20:53:01 2023: Error Http : 404
Mon Jul 17 20:53:01 2023: Error Http : 404
Mon Jul 17 20:56:27 2023: Error Http : 404
Mon Jul 17 21:00:49 2023: Error Http : 404
Mon Jul 17 21:33:32 2023: Error Http : 403
Tue Jul 18 11:52:02 2023: Error Http : 404
Tue Jul 18 11:52:20 2023: Error Http : 403
Tue Jul 18 11:53:05 2023: Error Http : 404
Tue Jul 18 11:53:12 2023: Error Http : 404
Tue Jul 18 11:53:12 2023: Error Http : 404
Tue Jul 18 11:53:15 2023: Error Http : 404
Tue Jul 18 15:41:30 2023: Error Http : 403
Tue Jul 18 15:45:29 2023: Error Http : 403
Tue Jul 18 15:48:26 2023: Error Http : 403
Tue Jul 18 15:48:29 2023: Error Http : 403
Tue Jul 18 15:49:47 2023: Error Http : 403
Tue Jul 18 15:49:50 2023: Error Http : 403
Tue Jul 18 16:06:42 2023: Error Http : 404
Tue Jul 18 16:07:34 2023: Error Http : 404
Tue Jul 18 16:07:34 2023: Error Http : 404
Tue Jul 18 16:12:14 2023: Error Http : 404
Tue Jul 18 16:12:28 2023: Error Http : 404
Tue Jul 18 16:16:24 2023: Error Http : 405
Tue Jul 18 16:16:24 2023: Error Http : 405
Tue Jul 18 16:21:58 2023: Error Http : 404
Tue Jul 18 16:22:05 2023: Error Http : 404
Tue Jul 18 16:22:08 2023: Error Http : 404
Tue Jul 18 16:22:17 2023: Error Http : 404
Tue Jul 18 16:22:19 2023: Error Http : 404
Tue Jul 18 16:23:06 2023: Error Http : 405
Tue Jul 18 16:23:10 2023: Error Http : 405
Tue Jul 18 16:24:18 2023: Error Http : 
Tue Jul 18 16:24:19 2023: Error Http : 
Tue Jul 18 16:24:26 2023: Error Http : 
Tue Jul 18 16:24:29 2023: Error Http : 
Tue Jul 18 16:25:10 2023: Error Http : 
Tue Jul 18 16:27:33 2023: Error Http : 
Tue Jul 18 16:27:40 2023: Error Http : 
Tue Jul 18 16:27:41 2023: Error Http : 
Tue Jul 18 16:27:42 2023: Error Http : 
Tue Jul 18 16:27:43 2023: Error Http : 
Tue Jul 18 16:27:44 2023: Error Http : 
Tue Jul 18 16:27:53 2023: Error Http : 
Tue Jul 18 16:29:07 2023: Error Http : 
Tue Jul 18 16:29:09 2023: Error Http : 
Tue Jul 18 16:29:10 2023: Error Http : 
Tue Jul 18 16:30:54 2023: Error Http : 
Tue Jul 18 16:30:55 2023: Error Http : 
Tue Jul 18 16:30:56 2023: Error Http : 
Tue Jul 18 16:30:57 2023: Error Http : 
Tue Jul 18 16:30:57 2023: Error Http : 
Tue Jul 18 16:30:58 2023: Error Http : 
Tue Jul 18 16:30:58 2023: Error Http : 
Tue Jul 18 16:30:59 2023: Error Http : 
Tue Jul 18 16:30:59 2023: Error Http : 
Tue Jul 18 16:30:59 2023: Error Http : 
Tue Jul 18 16:31:00 2023: Error Http : 
Tue Jul 18 16:31:02 2023: Error Http : 
Tue Jul 18 16:32:06 2023: Error Http : 404
Tue Jul 18 16:32:08 2023: Error Http : 404
Tue Jul 18 16:32:10 2023: Error Http : 404
Tue Jul 18 16:32:10 2023: Error Http : 404
Tue Jul 18 16:32:13 2023: Error Http : 404
Tue Jul 18 16:33:56 2023: Error Http : 
Tue Jul 18 16:33:58 2023: Error Http : 
Tue Jul 18 16:33:59 2023: Error Http : 
Tue Jul 18 16:34:03 2023: Error Http : 
Tue Jul 18 16:34:04 2023: Error Http : 
Tue Jul 18 16:34:05 2023: Error Http : 
Tue Jul 18 16:34:05 2023: Error Http : 
Tue Jul 18 16:34:06 2023: Error Http : 
Tue Jul 18 16:34:06 2023: Error Http : 
Tue Jul 18 16:34:06 2023: Error Http : 
Tue Jul 18 16:34:37 2023: Error Http : 
Tue Jul 18 16:34:39 2023: Error Http : 
Tue Jul 18 16:34:43 2023: Error Http : 
Tue Jul 18 16:34:44 2023: Error Http : 
Tue Jul 18 16:35:08 2023: Error Http : 
Tue Jul 18 16:35:36 2023: Error Http : 
Tue Jul 18 16:35:37 2023: Error Http : 
Tue Jul 18 16:35:38 2023: Error Http : 
Tue Jul 18 16:35:39 2023: Error Http : 
Tue Jul 18 16:40:12 2023: Error Http : 
Tue Jul 18 16:40:28 2023: Error Http : 
Tue Jul 18 16:40:54 2023: Error Http : 
Tue Jul 18 16:41:07 2023: Error Http : 
Tue Jul 18 16:44:14 2023: Error Http : 
Tue Jul 18 16:44:20 2023: Error Http : 
Tue Jul 18 16:44:29 2023: Error Http : 
Tue Jul 18 16:47:14 2023: Error Http : 
Tue Jul 18 16:47:20 2023: Error Http : 
Tue Jul 18 17:44:35 2023: Error Http : 404
Tue Jul 18 17:44:57 2023: Error Http : 404
Tue Jul 18 17:46:29 2023: Error Http : 404
Tue Jul 18 17:47:04 2023: Error Http : 404
Tue Jul 18 17:47:08 2023: Error Http : 404
Tue Jul 18 17:47:12 2023: Error Http : 404
Tue Jul 18 17:48:57 2023: Error Http : 404
Tue Jul 18 18:06:51 2023: Error Http : 404
Tue Jul 18 18:07:23 2023: Error Http : 404
Tue Jul 18 18:13:45 2023: Failed to change the directory to the php directory
Tue Jul 18 18:13:45 2023: Error Http : 500
Tue Jul 18 18:13:47 2023: Script returned an error
Tue Jul 18 18:13:47 2023: Error Http : 500
Tue Jul 18 18:16:41 2023: Failed to change the directory to the php directory
Tue Jul 18 18:16:41 2023: Error Http : 500
Tue Jul 18 18:16:43 2023: Script returned an error
Tue Jul 18 18:16:43 2023: Error Http : 500
Tue Jul 18 18:16:52 2023: Failed to change the directory to the php directory
Tue Jul 18 18:16:52 2023: Error Http : 500
Tue Jul 18 18:16:54 2023: Script returned an error
Tue Jul 18 18:16:54 2023: Error Http : 500
Tue Jul 18 18:17:28 2023: Failed to change the directory to the php directory
Tue Jul 18 18:17:28 2023: Error Http : 500
Tue Jul 18 18:17:30 2023: Script returned an error
Tue Jul 18 18:17:30 2023: Error Http : 500
Tue Jul 18 18:20:02 2023: Failed to change the directory to the php directory
Tue Jul 18 18:20:02 2023: Error Http : 500
Tue Jul 18 18:20:04 2023: Script returned an error
Tue Jul 18 18:20:04 2023: Error Http : 500
Tue Jul 18 18:20:13 2023: Failed to change the directory to the php directory
Tue Jul 18 18:20:13 2023: Error Http : 500
Tue Jul 18 18:20:15 2023: Script returned an error
Tue Jul 18 18:20:15 2023: Error Http : 500
Tue Jul 18 19:18:25 2023: Error Http : 404
Tue Jul 18 19:21:05 2023: Failed to change the directory to the php directory
Tue Jul 18 19:21:05 2023: Error Http : 500
Tue Jul 18 19:21:07 2023: Script returned an error
Tue Jul 18 19:21:07 2023: Error Http : 500
Tue Jul 18 19:33:27 2023: Failed to change the directory to the php directory
Tue Jul 18 19:33:27 2023: Error Http : 500
Tue Jul 18 19:33:29 2023: Script returned an error
Tue Jul 18 19:33:29 2023: Error Http : 500
Tue Jul 18 19:33:31 2023: Failed to change the directory to the php directory
Tue Jul 18 19:33:31 2023: Error Http : 500
Tue Jul 18 19:33:33 2023: Script returned an error
Tue Jul 18 19:33:33 2023: Error Http : 500
Tue Jul 18 19:36:45 2023: Failed to change the directory to the php directory
Tue Jul 18 19:36:45 2023: Error Http : 500
Tue Jul 18 19:37:09 2023: Failed to change the directory to the php directory
Tue Jul 18 19:37:09 2023: Error Http : 500
Tue Jul 18 19:37:11 2023: Script returned an error
Tue Jul 18 19:37:11 2023: Error Http : 500
Tue Jul 18 19:41:44 2023: Failed to change the directory to the php directory
Tue Jul 18 19:41:44 2023: Error Http : 500
Tue Jul 18 19:41:47 2023: Failed to change the directory to the php directory
Tue Jul 18 19:41:47 2023: Error Http : 500
Tue Jul 18 19:41:48 2023: Failed to change the directory to the php directory
Tue Jul 18 19:41:48 2023: Error Http : 500
Tue Jul 18 19:41:49 2023: Failed to change the directory to the php directory
Tue Jul 18 19:41:49 2023: Error Http : 500
Tue Jul 18 19:42:07 2023: Failed to change the directory to the php directory
Tue Jul 18 19:42:07 2023: Error Http : 500
Tue Jul 18 19:45:01 2023: Failed to change the directory to the php directory
Tue Jul 18 19:45:01 2023: Error Http : 500
Tue Jul 18 19:45:03 2023: Script returned an error
Tue Jul 18 19:45:03 2023: Error Http : 500
Tue Jul 18 19:45:05 2023: Failed to change the directory to the php directory
Tue Jul 18 19:45:05 2023: Error Http : 500
Tue Jul 18 19:45:07 2023: Script returned an error
Tue Jul 18 19:45:07 2023: Error Http : 500
Tue Jul 18 19:47:56 2023: Failed to change the directory to the php directory
Tue Jul 18 19:47:56 2023: Error Http : 500
Tue Jul 18 19:47:58 2023: Script returned an error
Tue Jul 18 19:47:58 2023: Error Http : 500
Tue Jul 18 19:48:01 2023: Failed to change the directory to the php directory
Tue Jul 18 19:48:01 2023: Error Http : 500
Tue Jul 18 19:48:03 2023: Script returned an error
Tue Jul 18 19:48:03 2023: Error Http : 500
Tue Jul 18 19:55:48 2023: Failed to change the directory to the php directory
Tue Jul 18 19:55:48 2023: Error Http : 500
Tue Jul 18 19:55:50 2023: Script returned an error
Tue Jul 18 19:55:50 2023: Error Http : 500
Tue Jul 18 19:55:51 2023: Failed to change the directory to the php directory
Tue Jul 18 19:55:51 2023: Error Http : 500
Tue Jul 18 19:55:53 2023: Script returned an error
Tue Jul 18 19:55:53 2023: Error Http : 500
Wed Jul 19 11:43:55 2023: Script returned an error
Wed Jul 19 11:43:55 2023: Error Http : 500
Wed Jul 19 11:44:10 2023: Script returned an error
Wed Jul 19 11:44:10 2023: Error Http : 500
Wed Jul 19 11:49:43 2023: Script returned an error
Wed Jul 19 11:49:43 2023: Error Http : 500
Wed Jul 19 11:49:50 2023: Script returned an error
Wed Jul 19 11:49:50 2023: Error Http : 500
Wed Jul 19 11:49:52 2023: Script returned an error
Wed Jul 19 11:49:52 2023: Error Http : 500
Wed Jul 19 11:50:55 2023: Script returned an error
Wed Jul 19 11:50:55 2023: Error Http : 500
Wed Jul 19 11:53:29 2023: Script returned an error
Wed Jul 19 11:53:29 2023: Error Http : 500
Wed Jul 19 11:53:32 2023: Script returned an error
Wed Jul 19 11:53:32 2023: Error Http : 500
Wed Jul 19 12:25:54 2023: Script returned an error
Wed Jul 19 12:25:54 2023: Error Http : 500
Wed Jul 19 12:26:04 2023: Error Http : 404
Wed Jul 19 12:27:04 2023: Error Http : 404
Wed Jul 19 12:27:10 2023: Error Http : 404
Wed Jul 19 12:27:47 2023: Error Http : 404
Wed Jul 19 12:33:40 2023: Error Http : 404
Wed Jul 19 12:34:46 2023: Error Http : 404
Wed Jul 19 12:34:50 2023: Error Http : 404
Wed Jul 19 12:35:22 2023: Error Http : 404
Wed Jul 19 12:36:14 2023: Error Http : 404
Wed Jul 19 12:48:23 2023: Error Http : 404
Wed Jul 19 12:57:30 2023: Error Http : 
Wed Jul 19 12:57:39 2023: Error Http : 
Wed Jul 19 12:58:42 2023: Error Http : 
Wed Jul 19 12:59:50 2023: Error Http : 404
Wed Jul 19 13:04:05 2023: Error Http : 403
Wed Jul 19 13:24:55 2023: Error Http : 404
Wed Jul 19 13:25:12 2023: Error Http : 404
Wed Jul 19 13:25:35 2023: Error Http : 404
Wed Jul 19 13:28:22 2023: Error Http : 404
Wed Jul 19 13:32:01 2023: Error Http : 404
Wed Jul 19 13:32:07 2023: Error Http : 404
Wed Jul 19 13:34:01 2023: Error Http : 404
Wed Jul 19 13:34:01 2023: Error Http : 404
Wed Jul 19 13:35:22 2023: Script returned an error
Wed Jul 19 13:35:23 2023: Error Http : 500
Wed Jul 19 13:35:25 2023: Script returned an error
Wed Jul 19 13:35:25 2023: Error Http : 500
Wed Jul 19 16:04:31 2023: Error Http : 404
Wed Jul 19 16:05:06 2023: Error Http : 404
Wed Jul 19 16:20:29 2023: Error Http : 405
Wed Jul 19 16:22:28 2023: Error Http : 404
Wed Jul 19 16:33:45 2023: Error Http : 404
Wed Jul 19 16:33:49 2023: Error Http : 404
Wed Jul 19 16:33:52 2023: Error Http : 404
Wed Jul 19 16:37:20 2023: Error Http : 404
Wed Jul 19 17:01:11 2023: Failed to open file
Wed Jul 19 17:01:11 2023: Error Http : 404
Wed Jul 19 17:06:30 2023: Error Http : 501
Wed Jul 19 17:09:50 2023: Error Http : 413
Wed Jul 19 17:24:10 2023: Failed to open file
Wed Jul 19 17:24:10 2023: Error Http : 404
Wed Jul 19 17:24:10 2023: Failed to open file
Wed Jul 19 17:24:10 2023: Error Http : 404
Wed Jul 19 17:24:10 2023: Failed to open file
Wed Jul 19 17:24:10 2023: Error Http : 404
Wed Jul 19 17:24:10 2023: Failed to open file
Wed Jul 19 17:24:10 2023: Error Http : 404
Wed Jul 19 17:24:10 2023: Failed to open file
Wed Jul 19 17:24:10 2023: Error Http : 404
Wed Jul 19 17:24:10 2023: Failed to open file
Wed Jul 19 17:24:10 2023: Error Http : 404
Wed Jul 19 17:24:10 2023: Failed to open file
Wed Jul 19 17:24:10 2023: Error Http : 404
Wed Jul 19 17:24:10 2023: Failed to open file
Wed Jul 19 17:24:10 2023: Error Http : 404
Wed Jul 19 17:24:10 2023: Failed to open file
Wed Jul 19 17:24:10 2023: Error Http : 404
Wed Jul 19 17:24:11 2023: Failed to open file
Wed Jul 19 17:24:11 2023: Error Http : 404
Wed Jul 19 17:24:11 2023: Failed to open file
Wed Jul 19 17:24:11 2023: Error Http : 404
Wed Jul 19 17:24:11 2023: Failed to open file
Wed Jul 19 17:24:11 2023: Error Http : 404
Wed Jul 19 17:24:11 2023: Failed to open file
Wed Jul 19 17:24:11 2023: Error Http : 404
Wed Jul 19 17:24:11 2023: Failed to open file
Wed Jul 19 17:24:11 2023: Error Http : 404
Wed Jul 19 17:24:11 2023: Failed to open file
Wed Jul 19 17:24:11 2023: Error Http : 404
Wed Jul 19 17:24:11 2023: Failed to open file
Wed Jul 19 17:24:11 2023: Error Http : 404
Wed Jul 19 17:24:11 2023: Failed to open file
Wed Jul 19 17:24:11 2023: Error Http : 404
Wed Jul 19 17:24:11 2023: Failed to open file
Wed Jul 19 17:24:11 2023: Error Http : 404
Wed Jul 19 17:24:11 2023: Failed to open file
Wed Jul 19 17:24:11 2023: Error Http : 404
Wed Jul 19 17:24:11 2023: Failed to open file
Wed Jul 19 17:24:11 2023: Error Http : 404
Wed Jul 19 17:24:11 2023: Failed to open file
Wed Jul 19 17:24:11 2023: Error Http : 404
Wed Jul 19 17:24:11 2023: Failed to open file
Wed Jul 19 17:24:11 2023: Error Http : 404
Wed Jul 19 17:24:11 2023: Failed to open file
Wed Jul 19 17:24:11 2023: Error Http : 404
Wed Jul 19 17:24:11 2023: Failed to open file
Wed Jul 19 17:24:11 2023: Error Http : 404
Wed Jul 19 17:24:11 2023: Failed to open file
Wed Jul 19 17:24:11 2023: Error Http : 404
Wed Jul 19 17:24:12 2023: Failed to open file
Wed Jul 19 17:24:12 2023: Error Http : 404
Wed Jul 19 17:24:12 2023: Failed to open file
Wed Jul 19 17:24:12 2023: Error Http : 404
Wed Jul 19 17:24:12 2023: Failed to open file
Wed Jul 19 17:24:12 2023: Error Http : 404
Wed Jul 19 17:24:12 2023: Failed to open file
Wed Jul 19 17:24:12 2023: Error Http : 404
Wed Jul 19 17:24:12 2023: Failed to open file
Wed Jul 19 17:24:12 2023: Error Http : 404
Wed Jul 19 17:24:12 2023: Failed to open file
Wed Jul 19 17:24:12 2023: Error Http : 404
Wed Jul 19 17:24:12 2023: Failed to open file
Wed Jul 19 17:24:12 2023: Error Http : 404
Wed Jul 19 17:24:12 2023: Failed to open file
Wed Jul 19 17:24:12 2023: Error Http : 404
Wed Jul 19 17:24:12 2023: Failed to open file
Wed Jul 19 17:24:12 2023: Error Http : 404
Wed Jul 19 17:24:12 2023: Failed to open file
Wed Jul 19 17:24:12 2023: Error Http : 404
Wed Jul 19 17:24:12 2023: Failed to open file
Wed Jul 19 17:24:12 2023: Error Http : 404
Wed Jul 19 17:24:12 2023: Failed to open file
Wed Jul 19 17:24:12 2023: Error Http : 404
Wed Jul 19 17:24:12 2023: Failed to open file
Wed Jul 19 17:24:12 2023: Error Http : 404
Wed Jul 19 17:24:12 2023: Failed to open file
Wed Jul 19 17:24:12 2023: Error Http : 404
Wed Jul 19 17:24:13 2023: Failed to open file
Wed Jul 19 17:24:13 2023: Error Http : 404
Wed Jul 19 17:24:13 2023: Failed to open file
Wed Jul 19 17:24:13 2023: Error Http : 404
Wed Jul 19 17:24:13 2023: Failed to open file
Wed Jul 19 17:24:13 2023: Error Http : 404
Wed Jul 19 17:24:13 2023: Failed to open file
Wed Jul 19 17:24:13 2023: Error Http : 404
Wed Jul 19 17:24:13 2023: Failed to open file
Wed Jul 19 17:24:13 2023: Error Http : 404
Wed Jul 19 17:24:13 2023: Failed to open file
Wed Jul 19 17:24:13 2023: Error Http : 404
Wed Jul 19 17:24:13 2023: Failed to open file
Wed Jul 19 17:24:13 2023: Error Http : 404
Wed Jul 19 17:24:13 2023: Failed to open file
Wed Jul 19 17:24:13 2023: Error Http : 404
Wed Jul 19 17:24:13 2023: Failed to open file
Wed Jul 19 17:24:13 2023: Error Http : 404
Wed Jul 19 17:24:13 2023: Failed to open file
Wed Jul 19 17:24:13 2023: Error Http : 404
Wed Jul 19 17:24:13 2023: Failed to open file
Wed Jul 19 17:24:13 2023: Error Http : 404
Wed Jul 19 17:24:13 2023: Failed to open file
Wed Jul 19 17:24:13 2023: Error Http : 404
Wed Jul 19 17:24:13 2023: Failed to open file
Wed Jul 19 17:24:13 2023: Error Http : 404
Wed Jul 19 17:24:13 2023: Failed to open file
Wed Jul 19 17:24:13 2023: Error Http : 404
Wed Jul 19 17:24:13 2023: Failed to open file
Wed Jul 19 17:24:13 2023: Error Http : 404
Wed Jul 19 17:24:14 2023: Failed to open file
Wed Jul 19 17:24:14 2023: Error Http : 404
Wed Jul 19 17:24:14 2023: Failed to open file
Wed Jul 19 17:24:14 2023: Error Http : 404
Wed Jul 19 17:24:14 2023: Failed to open file
Wed Jul 19 17:24:14 2023: Error Http : 404
Wed Jul 19 17:24:14 2023: Failed to open file
Wed Jul 19 17:24:14 2023: Error Http : 404
Wed Jul 19 17:24:14 2023: Failed to open file
Wed Jul 19 17:24:14 2023: Error Http : 404
Wed Jul 19 17:24:14 2023: Failed to open file
Wed Jul 19 17:24:14 2023: Error Http : 404
Wed Jul 19 17:24:14 2023: Failed to open file
Wed Jul 19 17:24:14 2023: Error Http : 404
Wed Jul 19 17:24:14 2023: Failed to open file
Wed Jul 19 17:24:14 2023: Error Http : 404
Wed Jul 19 17:24:14 2023: Failed to open file
Wed Jul 19 17:24:14 2023: Error Http : 404
Wed Jul 19 17:24:14 2023: Failed to open file
Wed Jul 19 17:24:14 2023: Error Http : 404
Wed Jul 19 17:24:14 2023: Failed to open file
Wed Jul 19 17:24:14 2023: Error Http : 404
Wed Jul 19 17:24:14 2023: Failed to open file
Wed Jul 19 17:24:14 2023: Error Http : 404
Wed Jul 19 17:24:14 2023: Failed to open file
Wed Jul 19 17:24:14 2023: Error Http : 404
Wed Jul 19 17:24:14 2023: Failed to open file
Wed Jul 19 17:24:14 2023: Error Http : 404
Wed Jul 19 17:24:14 2023: Failed to open file
Wed Jul 19 17:24:14 2023: Error Http : 404
Wed Jul 19 17:24:14 2023: Failed to open file
Wed Jul 19 17:24:14 2023: Error Http : 404
Wed Jul 19 17:24:15 2023: Failed to open file
Wed Jul 19 17:24:15 2023: Error Http : 404
Wed Jul 19 17:24:15 2023: Failed to open file
Wed Jul 19 17:24:15 2023: Error Http : 404
Wed Jul 19 17:24:15 2023: Failed to open file
Wed Jul 19 17:24:15 2023: Error Http : 404
Wed Jul 19 17:24:15 2023: Failed to open file
Wed Jul 19 17:24:15 2023: Error Http : 404
Wed Jul 19 17:24:15 2023: Failed to open file
Wed Jul 19 17:24:15 2023: Error Http : 404
Wed Jul 19 17:24:15 2023: Failed to open file
Wed Jul 19 17:24:15 2023: Error Http : 404
Wed Jul 19 17:24:15 2023: Failed to open file
Wed Jul 19 17:24:15 2023: Error Http : 404
Wed Jul 19 17:24:15 2023: Failed to open file
Wed Jul 19 17:24:15 2023: Error Http : 404
Wed Jul 19 17:24:15 2023: Failed to open file
Wed Jul 19 17:24:15 2023: Error Http : 404
Wed Jul 19 17:24:15 2023: Failed to open file
Wed Jul 19 17:24:15 2023: Error Http : 404
Wed Jul 19 17:24:15 2023: Failed to open file
Wed Jul 19 17:24:15 2023: Error Http : 404
Wed Jul 19 17:24:15 2023: Failed to open file
Wed Jul 19 17:24:15 2023: Error Http : 404
Wed Jul 19 17:24:15 2023: Failed to open file
Wed Jul 19 17:24:15 2023: Error Http : 404
Wed Jul 19 17:24:15 2023: Failed to open file
Wed Jul 19 17:24:15 2023: Error Http : 404
Wed Jul 19 17:24:15 2023: Failed to open file
Wed Jul 19 17:24:15 2023: Error Http : 404
Wed Jul 19 17:24:15 2023: Failed to open file
Wed Jul 19 17:24:15 2023: Error Http : 404
Wed Jul 19 17:24:16 2023: Failed to open file
Wed Jul 19 17:24:16 2023: Error Http : 404
Wed Jul 19 17:24:16 2023: Failed to open file
Wed Jul 19 17:24:16 2023: Error Http : 404
Wed Jul 19 17:24:16 2023: Failed to open file
Wed Jul 19 17:24:16 2023: Error Http : 404
Wed Jul 19 17:24:16 2023: Failed to open file
Wed Jul 19 17:24:16 2023: Error Http : 404
Wed Jul 19 17:24:16 2023: Failed to open file
Wed Jul 19 17:24:16 2023: Error Http : 404
Wed Jul 19 17:24:16 2023: Failed to open file
Wed Jul 19 17:24:16 2023: Error Http : 404
Wed Jul 19 17:24:16 2023: Failed to open file
Wed Jul 19 17:24:16 2023: Error Http : 404
Wed Jul 19 17:24:16 2023: Failed to open file
Wed Jul 19 17:24:16 2023: Error Http : 404
Wed Jul 19 17:24:16 2023: Failed to open file
Wed Jul 19 17:24:16 2023: Error Http : 404
Wed Jul 19 17:24:16 2023: Failed to open file
Wed Jul 19 17:24:16 2023: Error Http : 404
Wed Jul 19 17:24:16 2023: Failed to open file
Wed Jul 19 17:24:16 2023: Error Http : 404
Wed Jul 19 17:24:16 2023: Failed to open file
Wed Jul 19 17:24:16 2023: Error Http : 404
Wed Jul 19 17:24:16 2023: Failed to open file
Wed Jul 19 17:24:16 2023: Error Http : 404
Wed Jul 19 17:24:16 2023: Failed to open file
Wed Jul 19 17:24:16 2023: Error Http : 404
Wed Jul 19 17:24:16 2023: Failed to open file
Wed Jul 19 17:24:16 2023: Error Http : 404
Wed Jul 19 17:24:16 2023: Failed to open file
Wed Jul 19 17:24:16 2023: Error Http : 404
Wed Jul 19 17:24:17 2023: Failed to open file
Wed Jul 19 17:24:17 2023: Error Http : 404
Wed Jul 19 17:24:17 2023: Failed to open file
Wed Jul 19 17:24:17 2023: Error Http : 404
Wed Jul 19 17:24:17 2023: Failed to open file
Wed Jul 19 17:24:17 2023: Error Http : 404
Wed Jul 19 17:24:17 2023: Failed to open file
Wed Jul 19 17:24:17 2023: Error Http : 404
Wed Jul 19 17:24:21 2023: Failed to open file
Wed Jul 19 17:24:21 2023: Error Http : 404
Wed Jul 19 17:24:21 2023: Failed to open file
Wed Jul 19 17:24:21 2023: Error Http : 404
Wed Jul 19 17:24:21 2023: Failed to open file
Wed Jul 19 17:24:21 2023: Error Http : 404
Wed Jul 19 17:24:21 2023: Failed to open file
Wed Jul 19 17:24:21 2023: Error Http : 404
Wed Jul 19 17:24:21 2023: Failed to open file
Wed Jul 19 17:24:21 2023: Error Http : 404
Wed Jul 19 17:24:21 2023: Failed to open file
Wed Jul 19 17:24:21 2023: Error Http : 404
Wed Jul 19 17:24:21 2023: Failed to open file
Wed Jul 19 17:24:21 2023: Error Http : 404
Wed Jul 19 17:24:21 2023: Failed to open file
Wed Jul 19 17:24:21 2023: Error Http : 404
Wed Jul 19 17:24:21 2023: Failed to open file
Wed Jul 19 17:24:21 2023: Error Http : 404
Wed Jul 19 17:24:21 2023: Failed to open file
Wed Jul 19 17:24:21 2023: Error Http : 404
Wed Jul 19 17:24:21 2023: Failed to open file
Wed Jul 19 17:24:21 2023: Error Http : 404
Wed Jul 19 17:24:21 2023: Failed to open file
Wed Jul 19 17:24:21 2023: Error Http : 404
Wed Jul 19 17:24:21 2023: Failed to open file
Wed Jul 19 17:24:21 2023: Error Http : 404
Wed Jul 19 17:24:22 2023: Failed to open file
Wed Jul 19 17:24:22 2023: Error Http : 404
Wed Jul 19 17:24:22 2023: Failed to open file
Wed Jul 19 17:24:22 2023: Error Http : 404
Wed Jul 19 17:24:22 2023: Failed to open file
Wed Jul 19 17:24:22 2023: Error Http : 404
Wed Jul 19 17:24:22 2023: Failed to open file
Wed Jul 19 17:24:22 2023: Error Http : 404
Wed Jul 19 17:24:22 2023: Failed to open file
Wed Jul 19 17:24:22 2023: Error Http : 404
Wed Jul 19 17:24:22 2023: Failed to open file
Wed Jul 19 17:24:22 2023: Error Http : 404
Wed Jul 19 17:24:22 2023: Failed to open file
Wed Jul 19 17:24:22 2023: Error Http : 404
Wed Jul 19 17:24:22 2023: Failed to open file
Wed Jul 19 17:24:22 2023: Error Http : 404
Wed Jul 19 17:24:22 2023: Failed to open file
Wed Jul 19 17:24:22 2023: Error Http : 404
Wed Jul 19 17:24:22 2023: Failed to open file
Wed Jul 19 17:24:22 2023: Error Http : 404
Wed Jul 19 17:24:22 2023: Failed to open file
Wed Jul 19 17:24:22 2023: Error Http : 404
Wed Jul 19 17:24:22 2023: Failed to open file
Wed Jul 19 17:24:22 2023: Error Http : 404
Wed Jul 19 17:24:22 2023: Failed to open file
Wed Jul 19 17:24:22 2023: Error Http : 404
Wed Jul 19 17:24:22 2023: Failed to open file
Wed Jul 19 17:24:22 2023: Error Http : 404
Wed Jul 19 17:24:22 2023: Failed to open file
Wed Jul 19 17:24:22 2023: Error Http : 404
Wed Jul 19 17:24:22 2023: Failed to open file
Wed Jul 19 17:24:22 2023: Error Http : 404
Wed Jul 19 17:24:23 2023: Failed to open file
Wed Jul 19 17:24:23 2023: Error Http : 404
Wed Jul 19 17:24:23 2023: Failed to open file
Wed Jul 19 17:24:23 2023: Error Http : 404
Wed Jul 19 17:24:23 2023: Failed to open file
Wed Jul 19 17:24:23 2023: Error Http : 404
Wed Jul 19 17:24:23 2023: Failed to open file
Wed Jul 19 17:24:23 2023: Error Http : 404
Wed Jul 19 17:24:23 2023: Failed to open file
Wed Jul 19 17:24:23 2023: Error Http : 404
Wed Jul 19 17:24:23 2023: Failed to open file
Wed Jul 19 17:24:23 2023: Error Http : 404
Wed Jul 19 17:24:23 2023: Failed to open file
Wed Jul 19 17:24:23 2023: Error Http : 404
Wed Jul 19 17:24:23 2023: Failed to open file
Wed Jul 19 17:24:23 2023: Error Http : 404
Wed Jul 19 17:24:23 2023: Failed to open file
Wed Jul 19 17:24:23 2023: Error Http : 404
Wed Jul 19 17:24:23 2023: Failed to open file
Wed Jul 19 17:24:23 2023: Error Http : 404
Wed Jul 19 17:24:23 2023: Failed to open file
Wed Jul 19 17:24:23 2023: Error Http : 404
Wed Jul 19 17:24:23 2023: Failed to open file
Wed Jul 19 17:24:23 2023: Error Http : 404
Wed Jul 19 17:24:23 2023: Failed to open file
Wed Jul 19 17:24:23 2023: Error Http : 404
Wed Jul 19 17:24:23 2023: Failed to open file
Wed Jul 19 17:24:23 2023: Error Http : 404
Wed Jul 19 17:24:23 2023: Failed to open file
Wed Jul 19 17:24:23 2023: Error Http : 404
Wed Jul 19 17:24:24 2023: Failed to open file
Wed Jul 19 17:24:24 2023: Error Http : 404
Wed Jul 19 17:24:24 2023: Failed to open file
Wed Jul 19 17:24:24 2023: Error Http : 404
Wed Jul 19 17:24:24 2023: Failed to open file
Wed Jul 19 17:24:24 2023: Error Http : 404
Wed Jul 19 17:24:24 2023: Failed to open file
Wed Jul 19 17:24:24 2023: Error Http : 404
Wed Jul 19 17:24:24 2023: Failed to open file
Wed Jul 19 17:24:24 2023: Error Http : 404
Wed Jul 19 17:24:24 2023: Failed to open file
Wed Jul 19 17:24:24 2023: Error Http : 404
Wed Jul 19 17:24:24 2023: Failed to open file
Wed Jul 19 17:24:24 2023: Error Http : 404
Wed Jul 19 17:24:24 2023: Failed to open file
Wed Jul 19 17:24:24 2023: Error Http : 404
Wed Jul 19 17:24:24 2023: Failed to open file
Wed Jul 19 17:24:24 2023: Error Http : 404
Wed Jul 19 17:24:24 2023: Failed to open file
Wed Jul 19 17:24:24 2023: Error Http : 404
Wed Jul 19 17:24:24 2023: Failed to open file
Wed Jul 19 17:24:24 2023: Error Http : 404
Wed Jul 19 17:24:24 2023: Failed to open file
Wed Jul 19 17:24:24 2023: Error Http : 404
Wed Jul 19 17:24:24 2023: Failed to open file
Wed Jul 19 17:24:24 2023: Error Http : 404
Wed Jul 19 17:24:24 2023: Failed to open file
Wed Jul 19 17:24:24 2023: Error Http : 404
Wed Jul 19 17:24:24 2023: Failed to open file
Wed Jul 19 17:24:24 2023: Error Http : 404
Wed Jul 19 17:24:24 2023: Failed to open file
Wed Jul 19 17:24:24 2023: Error Http : 404
Wed Jul 19 17:24:25 2023: Failed to open file
Wed Jul 19 17:24:25 2023: Error Http : 404
Wed Jul 19 17:24:25 2023: Failed to open file
Wed Jul 19 17:24:25 2023: Error Http : 404
Wed Jul 19 17:24:25 2023: Failed to open file
Wed Jul 19 17:24:25 2023: Error Http : 404
Wed Jul 19 17:24:25 2023: Failed to open file
Wed Jul 19 17:24:25 2023: Error Http : 404
Wed Jul 19 17:24:25 2023: Failed to open file
Wed Jul 19 17:24:25 2023: Error Http : 404
Wed Jul 19 17:24:25 2023: Failed to open file
Wed Jul 19 17:24:25 2023: Error Http : 404
Wed Jul 19 17:24:25 2023: Failed to open file
Wed Jul 19 17:24:25 2023: Error Http : 404
Wed Jul 19 17:24:25 2023: Failed to open file
Wed Jul 19 17:24:25 2023: Error Http : 404
Wed Jul 19 17:24:25 2023: Failed to open file
Wed Jul 19 17:24:25 2023: Error Http : 404
Wed Jul 19 17:24:25 2023: Failed to open file
Wed Jul 19 17:24:25 2023: Error Http : 404
Wed Jul 19 17:24:25 2023: Failed to open file
Wed Jul 19 17:24:25 2023: Error Http : 404
Wed Jul 19 17:24:25 2023: Failed to open file
Wed Jul 19 17:24:25 2023: Error Http : 404
Wed Jul 19 17:24:25 2023: Failed to open file
Wed Jul 19 17:24:25 2023: Error Http : 404
Wed Jul 19 17:24:25 2023: Failed to open file
Wed Jul 19 17:24:25 2023: Error Http : 404
Wed Jul 19 17:24:25 2023: Failed to open file
Wed Jul 19 17:24:25 2023: Error Http : 404
Wed Jul 19 17:24:25 2023: Failed to open file
Wed Jul 19 17:24:25 2023: Error Http : 404
Wed Jul 19 17:24:26 2023: Failed to open file
Wed Jul 19 17:24:26 2023: Error Http : 404
Wed Jul 19 17:24:26 2023: Failed to open file
Wed Jul 19 17:24:26 2023: Error Http : 404
Wed Jul 19 17:24:26 2023: Failed to open file
Wed Jul 19 17:24:26 2023: Error Http : 404
Wed Jul 19 17:24:26 2023: Failed to open file
Wed Jul 19 17:24:26 2023: Error Http : 404
Wed Jul 19 17:24:26 2023: Failed to open file
Wed Jul 19 17:24:26 2023: Error Http : 404
Wed Jul 19 17:24:26 2023: Failed to open file
Wed Jul 19 17:24:26 2023: Error Http : 404
Wed Jul 19 17:24:26 2023: Failed to open file
Wed Jul 19 17:24:26 2023: Error Http : 404
Wed Jul 19 17:24:26 2023: Failed to open file
Wed Jul 19 17:24:26 2023: Error Http : 404
Wed Jul 19 17:24:26 2023: Failed to open file
Wed Jul 19 17:24:26 2023: Error Http : 404
Wed Jul 19 17:24:26 2023: Failed to open file
Wed Jul 19 17:24:26 2023: Error Http : 404
Wed Jul 19 17:24:26 2023: Failed to open file
Wed Jul 19 17:24:26 2023: Error Http : 404
Wed Jul 19 17:24:26 2023: Failed to open file
Wed Jul 19 17:24:26 2023: Error Http : 404
Wed Jul 19 17:24:26 2023: Failed to open file
Wed Jul 19 17:24:26 2023: Error Http : 404
Wed Jul 19 17:24:26 2023: Failed to open file
Wed Jul 19 17:24:26 2023: Error Http : 404
Wed Jul 19 17:24:26 2023: Failed to open file
Wed Jul 19 17:24:26 2023: Error Http : 404
Wed Jul 19 17:24:26 2023: Failed to open file
Wed Jul 19 17:24:26 2023: Error Http : 404
Wed Jul 19 17:24:27 2023: Failed to open file
Wed Jul 19 17:24:27 2023: Error Http : 404
Wed Jul 19 17:24:27 2023: Failed to open file
Wed Jul 19 17:24:27 2023: Error Http : 404
Wed Jul 19 17:24:27 2023: Failed to open file
Wed Jul 19 17:24:27 2023: Error Http : 404
Wed Jul 19 17:24:27 2023: Failed to open file
Wed Jul 19 17:24:27 2023: Error Http : 404
Wed Jul 19 17:24:27 2023: Failed to open file
Wed Jul 19 17:24:27 2023: Error Http : 404
Wed Jul 19 17:24:27 2023: Failed to open file
Wed Jul 19 17:24:27 2023: Error Http : 404
Wed Jul 19 17:24:27 2023: Failed to open file
Wed Jul 19 17:24:27 2023: Error Http : 404
Wed Jul 19 17:24:27 2023: Failed to open file
Wed Jul 19 17:24:27 2023: Error Http : 404
Wed Jul 19 17:24:27 2023: Failed to open file
Wed Jul 19 17:24:27 2023: Error Http : 404
Wed Jul 19 17:24:27 2023: Failed to open file
Wed Jul 19 17:24:27 2023: Error Http : 404
Wed Jul 19 17:24:27 2023: Failed to open file
Wed Jul 19 17:24:27 2023: Error Http : 404
Wed Jul 19 17:24:27 2023: Failed to open file
Wed Jul 19 17:24:27 2023: Error Http : 404
Wed Jul 19 17:24:27 2023: Failed to open file
Wed Jul 19 17:24:27 2023: Error Http : 404
Wed Jul 19 17:24:27 2023: Failed to open file
Wed Jul 19 17:24:27 2023: Error Http : 404
Wed Jul 19 17:24:27 2023: Failed to open file
Wed Jul 19 17:24:27 2023: Error Http : 404
Wed Jul 19 17:24:27 2023: Failed to open file
Wed Jul 19 17:24:27 2023: Error Http : 404
Wed Jul 19 17:24:28 2023: Failed to open file
Wed Jul 19 17:24:28 2023: Error Http : 404
Wed Jul 19 17:24:28 2023: Failed to open file
Wed Jul 19 17:24:28 2023: Error Http : 404
Wed Jul 19 17:24:28 2023: Failed to open file
Wed Jul 19 17:24:28 2023: Error Http : 404
Wed Jul 19 17:24:28 2023: Failed to open file
Wed Jul 19 17:24:28 2023: Error Http : 404
Wed Jul 19 17:24:32 2023: Failed to open file
Wed Jul 19 17:24:32 2023: Error Http : 404
Wed Jul 19 17:24:32 2023: Failed to open file
Wed Jul 19 17:24:32 2023: Error Http : 404
Wed Jul 19 17:24:32 2023: Failed to open file
Wed Jul 19 17:24:32 2023: Error Http : 404
Wed Jul 19 17:24:32 2023: Failed to open file
Wed Jul 19 17:24:32 2023: Error Http : 404
Wed Jul 19 17:24:32 2023: Failed to open file
Wed Jul 19 17:24:32 2023: Error Http : 404
Wed Jul 19 17:24:32 2023: Failed to open file
Wed Jul 19 17:24:32 2023: Error Http : 404
Wed Jul 19 17:24:32 2023: Failed to open file
Wed Jul 19 17:24:32 2023: Error Http : 404
Wed Jul 19 17:24:32 2023: Failed to open file
Wed Jul 19 17:24:32 2023: Error Http : 404
Wed Jul 19 17:24:32 2023: Failed to open file
Wed Jul 19 17:24:32 2023: Error Http : 404
Wed Jul 19 17:24:32 2023: Failed to open file
Wed Jul 19 17:24:32 2023: Error Http : 404
Wed Jul 19 17:24:32 2023: Failed to open file
Wed Jul 19 17:24:32 2023: Error Http : 404
Wed Jul 19 17:24:32 2023: Failed to open file
Wed Jul 19 17:24:32 2023: Error Http : 404
Wed Jul 19 17:24:32 2023: Failed to open file
Wed Jul 19 17:24:32 2023: Error Http : 404
Wed Jul 19 17:24:32 2023: Failed to open file
Wed Jul 19 17:24:32 2023: Error Http : 404
Wed Jul 19 17:24:32 2023: Failed to open file
Wed Jul 19 17:24:32 2023: Error Http : 404
Wed Jul 19 17:24:32 2023: Failed to open file
Wed Jul 19 17:24:32 2023: Error Http : 404
Wed Jul 19 17:24:33 2023: Failed to open file
Wed Jul 19 17:24:33 2023: Error Http : 404
Wed Jul 19 17:24:33 2023: Failed to open file
Wed Jul 19 17:24:33 2023: Error Http : 404
Wed Jul 19 17:24:33 2023: Failed to open file
Wed Jul 19 17:24:33 2023: Error Http : 404
Wed Jul 19 17:24:33 2023: Failed to open file
Wed Jul 19 17:24:33 2023: Error Http : 404
Wed Jul 19 17:24:33 2023: Failed to open file
Wed Jul 19 17:24:33 2023: Error Http : 404
Wed Jul 19 17:24:33 2023: Failed to open file
Wed Jul 19 17:24:33 2023: Error Http : 404
Wed Jul 19 17:24:33 2023: Failed to open file
Wed Jul 19 17:24:33 2023: Error Http : 404
Wed Jul 19 17:24:33 2023: Failed to open file
Wed Jul 19 17:24:33 2023: Error Http : 404
Wed Jul 19 17:24:33 2023: Failed to open file
Wed Jul 19 17:24:33 2023: Error Http : 404
Wed Jul 19 17:24:33 2023: Failed to open file
Wed Jul 19 17:24:33 2023: Error Http : 404
Wed Jul 19 17:24:33 2023: Failed to open file
Wed Jul 19 17:24:33 2023: Error Http : 404
Wed Jul 19 17:24:33 2023: Failed to open file
Wed Jul 19 17:24:33 2023: Error Http : 404
Wed Jul 19 17:24:33 2023: Failed to open file
Wed Jul 19 17:24:33 2023: Error Http : 404
Wed Jul 19 17:24:33 2023: Failed to open file
Wed Jul 19 17:24:33 2023: Error Http : 404
Wed Jul 19 17:24:33 2023: Failed to open file
Wed Jul 19 17:24:33 2023: Error Http : 404
Wed Jul 19 17:24:33 2023: Failed to open file
Wed Jul 19 17:24:33 2023: Error Http : 404
Wed Jul 19 17:24:34 2023: Failed to open file
Wed Jul 19 17:24:34 2023: Error Http : 404
Wed Jul 19 17:24:34 2023: Failed to open file
Wed Jul 19 17:24:34 2023: Error Http : 404
Wed Jul 19 17:24:34 2023: Failed to open file
Wed Jul 19 17:24:34 2023: Error Http : 404
Wed Jul 19 17:24:34 2023: Failed to open file
Wed Jul 19 17:24:34 2023: Error Http : 404
Wed Jul 19 17:24:34 2023: Failed to open file
Wed Jul 19 17:24:34 2023: Error Http : 404
Wed Jul 19 17:24:34 2023: Failed to open file
Wed Jul 19 17:24:34 2023: Error Http : 404
Wed Jul 19 17:24:34 2023: Failed to open file
Wed Jul 19 17:24:34 2023: Error Http : 404
Wed Jul 19 17:24:34 2023: Failed to open file
Wed Jul 19 17:24:34 2023: Error Http : 404
Wed Jul 19 17:24:34 2023: Failed to open file
Wed Jul 19 17:24:34 2023: Error Http : 404
Wed Jul 19 17:24:34 2023: Failed to open file
Wed Jul 19 17:24:34 2023: Error Http : 404
Wed Jul 19 17:24:34 2023: Failed to open file
Wed Jul 19 17:24:34 2023: Error Http : 404
Wed Jul 19 17:24:34 2023: Failed to open file
Wed Jul 19 17:24:34 2023: Error Http : 404
Wed Jul 19 17:24:34 2023: Failed to open file
Wed Jul 19 17:24:34 2023: Error Http : 404
Wed Jul 19 17:24:34 2023: Failed to open file
Wed Jul 19 17:24:34 2023: Error Http : 404
Wed Jul 19 17:24:34 2023: Failed to open file
Wed Jul 19 17:24:34 2023: Error Http : 404
Wed Jul 19 17:24:34 2023: Failed to open file
Wed Jul 19 17:24:34 2023: Error Http : 404
Wed Jul 19 17:24:35 2023: Failed to open file
Wed Jul 19 17:24:35 2023: Error Http : 404
Wed Jul 19 17:24:35 2023: Failed to open file
Wed Jul 19 17:24:35 2023: Error Http : 404
Wed Jul 19 17:24:35 2023: Failed to open file
Wed Jul 19 17:24:35 2023: Error Http : 404
Wed Jul 19 17:24:35 2023: Failed to open file
Wed Jul 19 17:24:35 2023: Error Http : 404
Wed Jul 19 17:24:35 2023: Failed to open file
Wed Jul 19 17:24:35 2023: Error Http : 404
Wed Jul 19 17:24:35 2023: Failed to open file
Wed Jul 19 17:24:35 2023: Error Http : 404
Wed Jul 19 17:24:35 2023: Failed to open file
Wed Jul 19 17:24:35 2023: Error Http : 404
Wed Jul 19 17:24:35 2023: Failed to open file
Wed Jul 19 17:24:35 2023: Error Http : 404
Wed Jul 19 17:24:35 2023: Failed to open file
Wed Jul 19 17:24:35 2023: Error Http : 404
Wed Jul 19 17:24:35 2023: Failed to open file
Wed Jul 19 17:24:35 2023: Error Http : 404
Wed Jul 19 17:24:35 2023: Failed to open file
Wed Jul 19 17:24:35 2023: Error Http : 404
Wed Jul 19 17:24:35 2023: Failed to open file
Wed Jul 19 17:24:35 2023: Error Http : 404
Wed Jul 19 17:24:35 2023: Failed to open file
Wed Jul 19 17:24:35 2023: Error Http : 404
Wed Jul 19 17:24:35 2023: Failed to open file
Wed Jul 19 17:24:35 2023: Error Http : 404
Wed Jul 19 17:24:35 2023: Failed to open file
Wed Jul 19 17:24:35 2023: Error Http : 404
Wed Jul 19 17:24:35 2023: Failed to open file
Wed Jul 19 17:24:35 2023: Error Http : 404
Wed Jul 19 17:24:36 2023: Failed to open file
Wed Jul 19 17:24:36 2023: Error Http : 404
Wed Jul 19 17:24:36 2023: Failed to open file
Wed Jul 19 17:24:36 2023: Error Http : 404
Wed Jul 19 17:24:36 2023: Failed to open file
Wed Jul 19 17:24:36 2023: Error Http : 404
Wed Jul 19 17:24:36 2023: Failed to open file
Wed Jul 19 17:24:36 2023: Error Http : 404
Wed Jul 19 17:24:36 2023: Failed to open file
Wed Jul 19 17:24:36 2023: Error Http : 404
Wed Jul 19 17:24:36 2023: Failed to open file
Wed Jul 19 17:24:36 2023: Error Http : 404
Wed Jul 19 17:24:36 2023: Failed to open file
Wed Jul 19 17:24:36 2023: Error Http : 404
Wed Jul 19 17:24:36 2023: Failed to open file
Wed Jul 19 17:24:36 2023: Error Http : 404
Wed Jul 19 17:24:36 2023: Failed to open file
Wed Jul 19 17:24:36 2023: Error Http : 404
Wed Jul 19 17:24:36 2023: Failed to open file
Wed Jul 19 17:24:36 2023: Error Http : 404
Wed Jul 19 17:24:36 2023: Failed to open file
Wed Jul 19 17:24:36 2023: Error Http : 404
Wed Jul 19 17:24:36 2023: Failed to open file
Wed Jul 19 17:24:36 2023: Error Http : 404
Wed Jul 19 17:24:36 2023: Failed to open file
Wed Jul 19 17:24:36 2023: Error Http : 404
Wed Jul 19 17:24:36 2023: Failed to open file
Wed Jul 19 17:24:36 2023: Error Http : 404
Wed Jul 19 17:24:36 2023: Failed to open file
Wed Jul 19 17:24:36 2023: Error Http : 404
Wed Jul 19 17:24:36 2023: Failed to open file
Wed Jul 19 17:24:36 2023: Error Http : 404
Wed Jul 19 17:24:37 2023: Failed to open file
Wed Jul 19 17:24:37 2023: Error Http : 404
Wed Jul 19 17:24:37 2023: Failed to open file
Wed Jul 19 17:24:37 2023: Error Http : 404
Wed Jul 19 17:24:37 2023: Failed to open file
Wed Jul 19 17:24:37 2023: Error Http : 404
Wed Jul 19 17:24:37 2023: Failed to open file
Wed Jul 19 17:24:37 2023: Error Http : 404
Wed Jul 19 17:24:37 2023: Failed to open file
Wed Jul 19 17:24:37 2023: Error Http : 404
Wed Jul 19 17:24:37 2023: Failed to open file
Wed Jul 19 17:24:37 2023: Error Http : 404
Wed Jul 19 17:24:37 2023: Failed to open file
Wed Jul 19 17:24:37 2023: Error Http : 404
Wed Jul 19 17:24:37 2023: Failed to open file
Wed Jul 19 17:24:37 2023: Error Http : 404
Wed Jul 19 17:24:37 2023: Failed to open file
Wed Jul 19 17:24:37 2023: Error Http : 404
Wed Jul 19 17:24:37 2023: Failed to open file
Wed Jul 19 17:24:37 2023: Error Http : 404
Wed Jul 19 17:24:37 2023: Failed to open file
Wed Jul 19 17:24:37 2023: Error Http : 404
Wed Jul 19 17:24:37 2023: Failed to open file
Wed Jul 19 17:24:37 2023: Error Http : 404
Wed Jul 19 17:24:37 2023: Failed to open file
Wed Jul 19 17:24:37 2023: Error Http : 404
Wed Jul 19 17:24:37 2023: Failed to open file
Wed Jul 19 17:24:37 2023: Error Http : 404
Wed Jul 19 17:24:37 2023: Failed to open file
Wed Jul 19 17:24:37 2023: Error Http : 404
Wed Jul 19 17:24:38 2023: Failed to open file
Wed Jul 19 17:24:38 2023: Error Http : 404
Wed Jul 19 17:24:38 2023: Failed to open file
Wed Jul 19 17:24:38 2023: Error Http : 404
Wed Jul 19 17:24:38 2023: Failed to open file
Wed Jul 19 17:24:38 2023: Error Http : 404
Wed Jul 19 17:24:38 2023: Failed to open file
Wed Jul 19 17:24:38 2023: Error Http : 404
Wed Jul 19 17:31:48 2023: Failed to open file
Wed Jul 19 17:31:48 2023: Error Http : 404
